// Jest Snapshot v1, https://goo.gl/fbAQLP

exports[`renders SearchInput component correctly 1`] = `
<div
  className="MuiPaper-root-5 MuiPaper-elevation4-11 MuiPaper-rounded-6"
  style={
    Object {
      "alignItems": "center",
      "display": "flex",
      "margin": "0 auto",
      "padding": "2px 4px",
      "width": 400,
    }
  }
>
  <div
    className="MuiInputBase-root-32 SearchInput-input-2"
    onClick={[Function]}
  >
    <input
      autoFocus={true}
      className="MuiInputBase-input-42"
      onBlur={[Function]}
      onChange={[Function]}
      onFocus={[Function]}
      placeholder="Enter company name..."
      type="text"
      value=""
    />
  </div>
  <hr
    className="MuiDivider-root-49 SearchInput-divider-3"
  />
  <button
    aria-label="Search"
    className="MuiButtonBase-root-60 MuiIconButton-root-54"
    disabled={false}
    onBlur={[Function]}
    onClick={[Function]}
    onContextMenu={[Function]}
    onFocus={[Function]}
    onKeyDown={[Function]}
    onKeyUp={[Function]}
    onMouseDown={[Function]}
    onMouseLeave={[Function]}
    onMouseUp={[Function]}
    onTouchEnd={[Function]}
    onTouchMove={[Function]}
    onTouchStart={[Function]}
    tabIndex="0"
    type="button"
  >
    <span
      className="MuiIconButton-label-59"
    >
      <svg
        aria-hidden="true"
        className="MuiSvgIcon-root-63"
        focusable="false"
        role="presentation"
        viewBox="0 0 24 24"
      >
        <path
          d="M15.5 14h-.79l-.28-.27C15.41 12.59 16 11.11 16 9.5 16 5.91 13.09 3 9.5 3S3 5.91 3 9.5 5.91 16 9.5 16c1.61 0 3.09-.59 4.23-1.57l.27.28v.79l5 4.99L20.49 19l-4.99-5zm-6 0C7.01 14 5 11.99 5 9.5S7.01 5 9.5 5 14 7.01 14 9.5 11.99 14 9.5 14z"
        />
        <path
          d="M0 0h24v24H0z"
          fill="none"
        />
      </svg>
    </span>
    <span
      className="MuiTouchRipple-root-72"
    />
  </button>
</div>
`;
